hanging
looking
kids
music
want
wrong
season
xd
needed
shower
feeling
spent
camp
came
lots
.
much
worked
excited
had
has
soo
thankful
inside
't
's
leave
sigh
working
three
awesome
their
so
years
\
seriously
one
open
city
propfirst
amaya
drive
many
can't
wants
being
rest
around
world
couldn't
her
hey
with
watched
cream
to
past
full
6
more
paper
wrk
found
guess
rain
also
sometimes
ugh
cry
project
last
church
gonna
couple
into
up
us
ur
having
try
makes
next
baby
realized
perfect
2011
2010
due
'
could
start
tonight
thanksgiving
face
bring
should
means
stuff
>
hahaha
off
leaving
worth
officially
interview
beach
after
appreciate
coffee
band
another
loved
away
we
thanks
night
way
was
true
let's
broke
guy
car
can
didn't
still
not
yeah
year
happen
care
>'s
fb
tomorrow
forever
help
only
asleep
hurts
these
listening
lol
lot
poor
pool
month
ass
cookies
family
ask
almost
dream
soon
hell
talking
haven't
evening
ya
7
feels
close
pictures
missing
wouldn't
damn
look
ready
game
semester
win
wit
crap
started
:-(
wonderful
special
cause
times
you're
(
wish
tuesday
yay
doesn't
party
well
lost
home
?
eat
stay
friends
sorry
hate
met
warm
room
movies
amazing
before
weeks
mean
forgot
enjoy
gym
mind
seen
dog
omg
lovely
cant
yes
yet
dead
dear
afternoon
down
weekend
me
mm
eating
boy
boo
making
fuck
may
talk
interesting
lunch
own
rock
thing
little
anyone
eyes
11
10
12
15
place
show
get
morning
wonder
enough
writing
wake
sleeping
money
blessed
again
saturday
u
alright
enjoying
sitting
two
hour
sucks
needs
coming
facebook
that's
already
through
hard
dont
done
least
park
part
believe
most
8
cut
cuz
boys
meet
30
didnt
wedding
have
apparently
taking
news
it's
finished
)
like
hair
about
:-)
goin
under
@
school
n
would
nite
days
top
too
final
snow
though
watch
hopefully
games
gave
everything
dinner
ahh
when
picture
football
:)"
:).
cool
goes
today
1
ppl
name
did
turn
copy
later
college
outside
myself
trip
week
without
seems
lets
always
mood
longer
missed
all
thursday
what
sun
knows
glad
bout
friday
feel
because
kind
nights
sweet
9
phone
wanna
long
peace
nice
helping
instead
our
out
ipod
which
who
class
ha
job
walk
~
gets
*
kinda
lord
tired
second
here
i'd
i'm
txt
hoping
until
relax
hurt
how
hot
heading
person
even
busy
fair
goodnight
best
side
and
parents
life
chill
things
thinking
easy
right
old
people
sure
for
spring
happy
time
:/
:(
:)
:d
:p
team
alone
love
loving
laundry
date
such
course
quite
spending
potter
2
boyfriend
sad
say
saw
take
knew
going
where
,
summer
thinks
;)
favorite
gone
am
an
as
at
smile
hours
pics
mall
beautiful
its
really
number
play
set
see
movie
whole
great
<3
funny
thats
be
by
anything
:
definitely
ago
hello
send
gettin
let
this
oh
high
doing
there
decided
hope
move
lucky
=)
less
does
sister
anymore
+
told
haha
word
work
bday
worst
then
them
break
they
>,
>.
>!
make
do
de
ill
relaxing
tho
the
together
dance
blast
change
>:(
live
write
use
remember
cold
=(
half
wont
es
friend
that
than
packing
breakfast
propmale
concert
3
comes
finish
real
read
early
your
trying
you
very
i'll
hogy
"
a
actually
food
isn't
since
put
miss
lil
clean
pretty
wow
woo
won
probably
both
each
else
while
cleaning
$
some
propfemale
everybody
run
seeing
visit
nothing
nap
she's
go
cell
;
ride
halloween
won't
till
sunday
him
keep
man
bed
maybe
need
able
she
computer
state
horrible
single
i
headin
monday
he
woke
living
nem
new
ever
never
call
tell
give
think
first
better
went
luck
starts
girls
matter
stop
bad
said
there's
is
it
im
in
if
left
just
super
shit
felt
yummy
finally
wait
crazy
guys
cute
thank
pizza
girl
gotta
were
pain
track
black
stupid
reading
shopping
those
pay
same
running
totally
mom
road
wasn't
once
starting
forget
fall
town
blood
wishes
late
someone
everyone
house
b
dancing
find
mine
please
alot
4
fun
yesterday
spend
big
bit
back
from
few
forward
bored
putting
<
dad
day
red
loves
okay
text
beat
laugh
thought
buy
but
minutes
sleep
every
why
must
my
end
over
driving
god
got
free
wanted
took
classes
-
been
ice
christmas
head
hear
check
no
til
brother
says
water
proud
1st
post
chocolate
months
watching
!
birthday
ones
he's
white
lmao
r
any
playing
woot
bought
20
come
good
except
test
on
ok
of
or
5
song
far
fam
don't
might
his
hit
are
moving
lovin
fast
we're
called
homework
waiting
heart
&
sore
getting
something
status
looks
practice
weather
=
chicken
made
hmm
will
english
now
other
know
i've
book
sick